// Jest Snapshot v1, https://goo.gl/fbAQLP

exports[`Badge Component renders correctly 1`] = `
<div
  className="sc-bdvvaa fGlDwO"
  color="#4118C9"
>
  Typescript
</div>
`;
